// Jest Snapshot v1, https://goo.gl/fbAQLP

exports[`A pagina de configuração Deve ser renderizada corretamente 1`] = `
<div>
  <div
    class="sc-bcXHqe ldcdWJ"
  >
    <section>
      <h2>
        Vamos começar!
      </h2>
      <form>
        <div
          class="sc-gswNZR heeYVX"
        >
          <input
            placeholder="Insira os nomes dos participantes"
            type="text"
            value=""
          />
          <button
            disabled=""
            type="submit"
          >
            Adicionar
          </button>
        </div>
      </form>
      <ul />
      <footer
        class="sc-eDvSVe flOdzN"
      >
        <button
          class="sc-hLBbgP fXtuGw"
          disabled=""
        >
          Iniciar brincadeira!
        </button>
        <img
          alt="Sacolas de compras"
          aria-hidden="true"
          class="sc-jSUZER eHNkSE"
          src="/img/sacolas.png"
        />
      </footer>
    </section>
  </div>
</div>
`;
